========================================================================= 
Log Path: log_file.log 
Program Path: /__w/bugphyzzExports/bugphyzzExports/inst/scripts/export_bugphyzz.R 
Working Directory: /__w/bugphyzzExports/bugphyzzExports 
User Name: root 
R Version: 4.5.1 (2025-06-13) 
Machine: 04414593a0f6 x86_64 
Operating System: Linux 6.11.0-1018-azure #18~24.04.1-Ubuntu SMP Sat Jun 28 04:46:03 UTC 2025 
Base Packages: stats graphics grDevices utils datasets methods base 
Other Packages: purrr_1.1.0 castor_1.8.4 Rcpp_1.1.0 phytools_2.4-4 maps_3.4.3 ape_5.8-1 tibble_3.3.0 tidyr_1.3.1 dplyr_1.1.4 rlang_1.1.6 taxPPro_1.0.1 bugphyzz_1.3.0 logr_1.3.9 common_1.1.3 
Log Start Time: 2025-08-31 22:13:00.070752 
========================================================================= 
Importing 29 physiologies from bugphyzz: "growth temperature, coding genes, genome size, length, width, optimal ph, mutation rate per site per generation, mutation rate per site per year, animal pathogen, antimicrobial sensitivity, biofilm formation, extreme environment, health associated, hydrogen gas producing, lactate producing, motility, plant pathogenicity, spore formation, host-associated, sphingolipid producing, butyrate producing, aerophilicity, gram stain, biosafety level, COGEM pathogenicity rating, shape, spore shape, arrangement, hemolysis" 

   user  system elapsed 
 14.623   0.481  53.652 

Warning: Invalid attributes in aerophilicity: facultative aerobe---microaerotolerant 
Warning: There was 1 warning in `dplyr::mutate()`. ℹ In argument: `Rank = taxizedb::taxid2rank(.data$NCBI_ID, db = "ncbi")`. Caused by warning in `taxizedb::taxid2rank()`: ! No rank found for 118 of 10901 taxon IDs. The followings are left unrankd: 65497, 95160, 96101, 287094, 305698, 369930, 196083, 136160, 513651, 158080, 50728, 1632778, 1606016, 1646339, 126790, 1017277, 332410, 114529, 2254, 115555, 29570, 267368, 1830421, 1400058, 683756, 88075, 61655, 84292, 92835, 76884, 300020, 165807, 134962, 48937, 263820, 1311788, 342610, 81037, 166934, 1398496, 50340, 307251, 237610, 237656, 219742, 154109, 1462563, 219741, 119541, 262776, 45461, 211759, 244407, 332057, 332056, 46170, 46170, 68202, 84593, 62153, 322609, 109214, 1398560, 228972, 355929, 866775, 1551, 1560, 289244, 86662, 168810, 495036, 1345697, 1166016, 741091, 195041, 85643, 140100, 62153, 675810, 228972, 65497, 861208, 340044, 335659, 546899, 656024, 395568, 693851, 50340, 440512, 147710, 931223, 420233, 332056, 68570, 68202, 81424, 563191, 665937, 469586, 469587, 665938, 469594, 52765, 52766, 699245, 97139, 327817, 644968, 228748, 477693, 652712, 699192, 796939, 796940, 36876, 93930 
Warning: There was 1 warning in `dplyr::mutate()`. ℹ In argument: `Rank = taxizedb::taxid2rank(.data$NCBI_ID, db = "ncbi")`. Caused by warning in `taxizedb::taxid2rank()`: ! No rank found for 27 of 19738 taxon IDs. The followings are left unrankd: 95160, 157733, 369930, 369930, 1532, 1532, 1055101, 1055102, 1055102, 1055101, 29570, 29570, 857227, 2044857, 253547, 84292, 84292, 280237, 395568, 1774956, 81037, 237656, 1530170, 1914757, 235987, 386490, 322609 
Warning: There was 1 warning in `dplyr::mutate()`. ℹ In argument: `Rank = taxizedb::taxid2rank(.data$NCBI_ID, db = "ncbi")`. Caused by warning in `taxizedb::taxid2rank()`: ! No rank found for 11 of 1727 taxon IDs. The followings are left unrankd: 114529, 409316, 267368, 368454, 50340, 300020, 68570, 93930, 68204, 158080, 168810 
Warning: There was 1 warning in `dplyr::mutate()`. ℹ In argument: `Rank = taxizedb::taxid2rank(.data$NCBI_ID, db = "ncbi")`. Caused by warning in `taxizedb::taxid2rank()`: ! No rank found for 12 of 833 taxon IDs. The followings are left unrankd: 114529, 267368, 368454, 409316, 300020, 50340, 395568, 68202, 68204, 68570, 237610, 137779 
Warning: There was 1 warning in `dplyr::mutate()`. ℹ In argument: `Rank = taxizedb::taxid2rank(.data$NCBI_ID, db = "ncbi")`. Caused by warning in `taxizedb::taxid2rank()`: ! No rank found for 19 of 2443 taxon IDs. The followings are left unrankd: 866775, 289244, 289244, 86662, 195041, 861530, 656024, 1172, 931223, 68202, 327817, 652712, 195041, 469595, 1166016, 81424, 52765, 52766, 684949 
Warning: There was 1 warning in `dplyr::mutate()`. ℹ In argument: `Rank = taxizedb::taxid2rank(.data$NCBI_ID, db = "ncbi")`. Caused by warning in `taxizedb::taxid2rank()`: ! No rank found for 1 of 426 taxon IDs. The followings are left unrankd: 50340 
Warning: Invalid attributes in biosafety level: biosafety level 1+---biosafety level 3**---biosafety level L1 
Warning: There was 1 warning in `dplyr::mutate()`. ℹ In argument: `Rank = taxizedb::taxid2rank(.data$NCBI_ID, db = "ncbi")`. Caused by warning in `taxizedb::taxid2rank()`: ! No rank found for 1 of 3856 taxon IDs. The followings are left unrankd: 882080 
Warning: There was 1 warning in `dplyr::mutate()`. ℹ In argument: `Rank = taxizedb::taxid2rank(.data$NCBI_ID, db = "ncbi")`. Caused by warning in `taxizedb::taxid2rank()`: ! No rank found for 50 of 26443 taxon IDs. The followings are left unrankd: 95160, 76756, 76756, 582442, 157733, 369930, 369930, 1532, 1532, 50728, 1073081, 115555, 29570, 29570, 29570, 29570, 29570, 2044857, 253547, 84292, 163605, 163605, 280237, 163605, 163605, 1574269, 621376, 81037, 237656, 1530170, 59917, 1464123, 1914757, 1114980, 68172, 114696, 68204, 235987, 114700, 67308, 68044, 68044, 68043, 68243, 37480, 1929, 1929477, 114692, 386490, 322609 
Warning: There was 1 warning in `dplyr::mutate()`. ℹ In argument: `Rank = taxizedb::taxid2rank(.data$NCBI_ID, db = "ncbi")`. Caused by warning in `taxizedb::taxid2rank()`: ! No rank found for 55 of 4669 taxon IDs. The followings are left unrankd: 1476577, 471821, 1114980, 263820, 1849491, 866775, 1547445, 1156433, 1006579, 657310, 671223, 319236, 1104325, 1834200, 1226298, 84292, 1182571, 1986224, 319938, 1546149, 1662456, 1902251, 1662457, 1606016, 595593, 287094, 85643, 62928, 1662458, 656024, 1126211, 342610, 1418110, 90270, 697046, 1166016, 1870930, 237610, 1570328, 1653479, 741091, 62153, 861208, 338187, 86662, 338187, 1740162, 1415630, 134962, 595500, 640511, 335659, 1418105, 68570, 758796 
Warning: There was 1 warning in `dplyr::mutate()`. ℹ In argument: `Rank = taxizedb::taxid2rank(.data$NCBI_ID, db = "ncbi")`. Caused by warning in `taxizedb::taxid2rank()`: ! No rank found for 6 of 1042 taxon IDs. The followings are left unrankd: 395568, 68202, 68204, 68570, 158080, 237610 
Warning: There was 1 warning in `dplyr::mutate()`. ℹ In argument: `Rank = taxizedb::taxid2rank(.data$NCBI_ID, db = "ncbi")`. Caused by warning in `taxizedb::taxid2rank()`: ! No rank found for 17 of 1874 taxon IDs. The followings are left unrankd: 196180, 52765, 52766, 158080, 168810, 395568, 114529, 368454, 409316, 267368, 300020, 137779, 50340, 68570, 68202, 68204, 93930 
Warning: There was 1 warning in `dplyr::mutate()`. ℹ In argument: `Rank = taxizedb::taxid2rank(.data$NCBI_ID, db = "ncbi")`. Caused by warning in `taxizedb::taxid2rank()`: ! No rank found for 55 of 4665 taxon IDs. The followings are left unrankd: 1476577, 471821, 1114980, 263820, 1849491, 1547445, 1156433, 866775, 1006579, 671223, 319236, 1104325, 1986224, 1226298, 657310, 84292, 1834200, 1182571, 1902251, 1662456, 1546149, 1606016, 1126211, 319938, 62928, 595593, 1662457, 85643, 287094, 1662458, 697046, 1418110, 1166016, 342610, 1870930, 1653479, 656024, 237610, 1570328, 861208, 86662, 741091, 90270, 62153, 338187, 338187, 1415630, 335659, 1740162, 134962, 1418105, 640511, 595500, 758796, 68570 
Warning: There was 1 warning in `dplyr::mutate()`. ℹ In argument: `Rank = taxizedb::taxid2rank(.data$NCBI_ID, db = "ncbi")`. Caused by warning in `taxizedb::taxid2rank()`: ! No rank found for 65 of 8200 taxon IDs. The followings are left unrankd: 1830421, 1763447, 1632778, 1427149, 1400058, 1398560, 1331730, 683756, 355929, 289244, 228972, 119541, 84593, 61655, 1183401, 866775, 741091, 342610, 338187, 85643, 420233, 409316, 395568, 368454, 366648, 332056, 300020, 267368, 262776, 237610, 196180, 168810, 158080, 137779, 114529, 93930, 90270, 68570, 68204, 68202, 52766, 52765, 50340, 327817, 332410, 86662, 656024, 168810, 861208, 861530, 931223, 1345697, 1050843, 796940, 665945, 665937, 195041, 469594, 68202, 690871, 68570, 495036, 52765, 196180, 65497 
Warning: There was 1 warning in `dplyr::mutate()`. ℹ In argument: `Rank = taxizedb::taxid2rank(.data$NCBI_ID, db = "ncbi")`. Caused by warning in `taxizedb::taxid2rank()`: ! No rank found for 22 of 12684 taxon IDs. The followings are left unrankd: 95160, 157733, 369930, 369930, 1055102, 1055101, 115555, 29570, 29570, 29570, 2044857, 253547, 84292, 280237, 1774956, 81037, 237656, 1530170, 1914757, 235987, 386490, 322609 
Warning: There was 1 warning in `dplyr::mutate()`. ℹ In argument: `Rank = taxizedb::taxid2rank(.data$NCBI_ID, db = "ncbi")`. Caused by warning in `taxizedb::taxid2rank()`: ! No rank found for 43 of 7978 taxon IDs. The followings are left unrankd: 2832, 35130, 265526, 67004, 300020, 338187, 184592, 5749, 213632, 2832, 48937, 948922, 29398, 2832, 395568, 68570, 137779, 1172, 1172, 262776, 1172, 35624, 866775, 330, 330, 330, 330, 330, 114529, 1050843, 409316, 267368, 368454, 263820, 52766, 52765, 93930, 1293828, 1293825, 1293831, 1295133, 882080, 482301 
Warning: There was 1 warning in `dplyr::mutate()`. ℹ In argument: `Rank = taxizedb::taxid2rank(.data$NCBI_ID, db = "ncbi")`. Caused by warning in `taxizedb::taxid2rank()`: ! No rank found for 55 of 17559 taxon IDs. The followings are left unrankd: 95160, 96101, 76756, 582442, 157733, 369930, 1454229, 1532, 158080, 759821, 1055101, 1055102, 1055102, 1055101, 50728, 244363, 56545, 1073081, 115555, 29570, 29570, 857227, 2044857, 253547, 84292, 84292, 2796464, 163605, 280237, 395568, 81037, 1774956, 162157, 162160, 404407, 237656, 1530170, 59917, 1914757, 68172, 114696, 68204, 235987, 114700, 67308, 68044, 68043, 68243, 37480, 1929, 114692, 2981623, 386490, 53423, 322609 
Warning: Invalid attributes in hemolysis: CAMP test 
Warning: There was 1 warning in `dplyr::mutate()`. ℹ In argument: `Rank = taxizedb::taxid2rank(.data$NCBI_ID, db = "ncbi")`. Caused by warning in `taxizedb::taxid2rank()`: ! No rank found for 62 of 3088 taxon IDs. The followings are left unrankd: 36876, 340044, 147710, 1298859, 86662, 656024, 62153, 861208, 1217695, 1217712, 1217698, 1217697, 1217710, 861530, 640511, 697871, 563191, 366648, 546899, 1050843, 796940, 796939, 665945, 665938, 665937, 195041, 469587, 469586, 469596, 469595, 469594, 1166016, 903916, 699192, 699245, 97139, 658664, 81424, 741091, 335659, 196180, 52765, 52766, 158080, 395568, 114529, 368454, 409316, 267368, 300020, 137779, 50340, 237610, 420233, 332056, 68570, 68202, 68204, 93930, 366648, 90270, 332410 
Warning: There was 1 warning in `dplyr::mutate()`. ℹ In argument: `Rank = taxizedb::taxid2rank(.data$NCBI_ID, db = "ncbi")`. Caused by warning in `taxizedb::taxid2rank()`: ! No rank found for 4 of 658 taxon IDs. The followings are left unrankd: 683756, 376164, 40136, 61655 
Warning: There was 1 warning in `dplyr::mutate()`. ℹ In argument: `Rank = taxizedb::taxid2rank(.data$NCBI_ID, db = "ncbi")`. Caused by warning in `taxizedb::taxid2rank()`: ! No rank found for 21 of 11234 taxon IDs. The followings are left unrankd: 95160, 157733, 369930, 369930, 1055102, 1055101, 115555, 29570, 29570, 2044857, 253547, 84292, 280237, 395568, 1774956, 81037, 237656, 1530170, 1914757, 386490, 322609 
Warning: There was 1 warning in `dplyr::mutate()`. ℹ In argument: `Rank = taxizedb::taxid2rank(.data$NCBI_ID, db = "ncbi")`. Caused by warning in `taxizedb::taxid2rank()`: ! No rank found for 10 of 886 taxon IDs. The followings are left unrankd: 137779, 262776, 52766, 52765, 332056, 114529, 409316, 420233, 267368, 368454 
Warning: There was 1 warning in `dplyr::mutate()`. ℹ In argument: `Rank = taxizedb::taxid2rank(.data$NCBI_ID, db = "ncbi")`. Caused by warning in `taxizedb::taxid2rank()`: ! No rank found for 17 of 1493 taxon IDs. The followings are left unrankd: 420233, 68202, 68204, 68570, 158080, 1050843, 262776, 114529, 267368, 368454, 409316, 300020, 168810, 93930, 50340, 90270, 366648 
Warning: Invalid attributes in shape: square---vibriod cell---rod-shaped---coccus-shaped---filament-shaped---oval-shaped---ellipsoidal---ovoid-shaped---pleomorphic-shaped---other---sphere-shaped---spiral-shaped---curved-shaped---helical-shaped---vibrio-shaped---flask-shaped---ring-shaped---spore-shaped---crescent-shaped---star-shaped---diplococcus-shaped 
Warning: There was 1 warning in `dplyr::mutate()`. ℹ In argument: `Rank = taxizedb::taxid2rank(.data$NCBI_ID, db = "ncbi")`. Caused by warning in `taxizedb::taxid2rank()`: ! No rank found for 94 of 4560 taxon IDs. The followings are left unrankd: 85643, 342610, 741091, 866775, 263820, 1331737, 355929, 289244, 228972, 376164, 1331730, 119541, 1763447, 1830421, 40136, 1632778, 683756, 61655, 204473, 1400058, 1830421, 119541, 1763447, 1830421, 204473, 1763447, 1830421, 340044, 327817, 147710, 332056, 330, 1298859, 520709, 332410, 86662, 62153, 287484, 992010, 140100, 168810, 861208, 795666, 1217695, 1217693, 1217712, 50340, 1217698, 1217696, 1217697, 1217702, 1217700, 1217706, 1217710, 1217709, 62928, 640511, 697871, 644968, 911239, 546899, 1345697, 440512, 981223, 395568, 665938, 158080, 420233, 469587, 469586, 469595, 469594, 690871, 1166016, 903916, 998429, 658664, 495036, 52765, 52766, 196180, 85643, 741091, 93930, 335659, 675810, 861530, 195041, 477693, 228748, 1172, 861530, 68202, 68570 
Warning: There was 1 warning in `dplyr::mutate()`. ℹ In argument: `Rank = taxizedb::taxid2rank(.data$NCBI_ID, db = "ncbi")`. Caused by warning in `taxizedb::taxid2rank()`: ! No rank found for 13 of 4413 taxon IDs. The followings are left unrankd: 157733, 115555, 2044857, 253547, 280237, 1914757, 68172, 68204, 235987, 68243, 1929, 386490, 322609 
Warning: There was 1 warning in `dplyr::mutate()`. ℹ In argument: `Rank = taxizedb::taxid2rank(.data$NCBI_ID, db = "ncbi")`. Caused by warning in `taxizedb::taxid2rank()`: ! No rank found for 3 of 763 taxon IDs. The followings are left unrankd: 157733, 332410, 541003 
Warning: There was 1 warning in `dplyr::mutate()`. ℹ In argument: `Rank = taxizedb::taxid2rank(.data$NCBI_ID, db = "ncbi")`. Caused by warning in `taxizedb::taxid2rank()`: ! No rank found for 5 of 838 taxon IDs. The followings are left unrankd: 84593, 166974, 61655, 40136, 376164 
The following NCBI IDs might need to be updated: 
1006579 
1017277 
1050843 
1055101 
1055102 
1073081 
109214 
1104325 
1114980 
1126211 
114529 
114692 
114696 
114700 
115555 
1156433 
1166016 
1172 
1182571 
1183401 
119541 
1217693 
1217695 
1217696 
1217697 
1217698 
1217700 
1217702 
1217706 
1217709 
1217710 
1217712 
1226298 
126790 
1293825 
1293828 
1293831 
1295133 
1298859 
1311788 
1331730 
1331737 
1345697 
134962 
136160 
137779 
1398496 
1398560 
1400058 
140100 
1415630 
1418105 
1418110 
1427149 
1454229 
1462563 
1464123 
1476577 
147710 
1530170 
1532 
154109 
1546149 
1547445 
1551 
1560 
1570328 
1574269 
157733 
158080 
1606016 
162157 
162160 
1632778 
163605 
1646339 
1653479 
165807 
1662456 
1662457 
1662458 
166934 
166974 
168810 
1740162 
1763447 
1774956 
1830421 
1834200 
184592 
1849491 
1870930 
1902251 
1914757 
1929 
1929477 
195041 
196083 
196180 
1986224 
204473 
2044857 
211759 
213632 
219741 
219742 
2254 
228748 
228972 
235987 
237610 
237656 
244363 
244407 
253547 
262776 
263820 
265526 
267368 
2796464 
280237 
2832 
287094 
287484 
289244 
29398 
29570 
2981623 
300020 
305698 
307251 
319236 
319938 
322609 
327817 
330 
332056 
332057 
332410 
335659 
338187 
340044 
342610 
35130 
355929 
35624 
366648 
368454 
36876 
369930 
37480 
376164 
386490 
395568 
40136 
404407 
409316 
420233 
440512 
45461 
46170 
469586 
469587 
469594 
469595 
469596 
471821 
477693 
482301 
48937 
495036 
50340 
50728 
513651 
520709 
52765 
52766 
53423 
541003 
546899 
563191 
56545 
5749 
582442 
595500 
595593 
59917 
61655 
621376 
62153 
62928 
640511 
644968 
652712 
65497 
656024 
657310 
658664 
665937 
665938 
665945 
67004 
671223 
67308 
675810 
68043 
68044 
68172 
68202 
68204 
68243 
683756 
684949 
68570 
690871 
693851 
697046 
697871 
699192 
699245 
741091 
758796 
759821 
76756 
76884 
795666 
796939 
796940 
81037 
81424 
84292 
84593 
85643 
857227 
861208 
861530 
86662 
866775 
88075 
882080 
90270 
903916 
911239 
92835 
931223 
93930 
948922 
95160 
96101 
97139 
981223 
992010 
998429 
 
The following attributes are not valid and have been dropped: 
Invalid attributes in aerophilicity: 
facultative aerobe 
microaerotolerant 
 
Invalid attributes in biosafety level: 
biosafety level 1+ 
biosafety level 3** 
biosafety level L1 
 
Invalid attributes in hemolysis: 
CAMP test 
 
Invalid attributes in shape: 
square 
vibriod cell 
rod-shaped 
coccus-shaped 
filament-shaped 
oval-shaped 
ellipsoidal 
ovoid-shaped 
pleomorphic-shaped 
other 
sphere-shaped 
spiral-shaped 
curved-shaped 
helical-shaped 
vibrio-shaped 
flask-shaped 
ring-shaped 
spore-shaped 
crescent-shaped 
star-shaped 
diplococcus-shaped 
 
Propagating aerophilicity of type multistate-intersection. 
   user  system elapsed 
277.593   0.058 277.679 
Propagating animal pathogen of type binary. 
   user  system elapsed 
385.726   0.028 385.793 
Propagating antimicrobial sensitivity of type binary. 
   user  system elapsed 
364.689   0.012 364.730 
Propagating arrangement of type multistate-intersection. 
   user  system elapsed 
342.394   0.009 342.431 
Propagating biofilm formation of type binary. 
Not enough data for ASR for biofilm formation. Skipping ASR. 
Propagating biosafety level of type multistate-intersection. 
   user  system elapsed 
356.525   0.015 356.579 
Propagating butyrate producing of type binary. 
Not enough data for ASR for butyrate producing. Skipping ASR. 
Propagating coding genes of type range. 
   user  system elapsed 
  2.659   0.000   2.659 
Propagating COGEM pathogenicity rating of type multistate-intersection. 
   user  system elapsed 
274.403   0.014 274.451 
Propagating extreme environment of type binary. 
   user  system elapsed 
347.853   0.023 347.917 
Propagating genome size of type range. 
   user  system elapsed 
  2.650   0.000   2.651 
Propagating gram stain of type multistate-intersection. 
   user  system elapsed 
248.357   0.012 248.391 
Propagating growth temperature of type range. 
   user  system elapsed 
  1.138   0.000   1.138 
Propagating health associated of type binary. 
Not enough data for ASR for health associated. Skipping ASR. 
Propagating hemolysis of type multistate-intersection. 
   user  system elapsed 
394.620   0.016 394.669 
Propagating host-associated of type binary. 
   user  system elapsed 
436.161   0.042 436.251 
Propagating hydrogen gas producing of type binary. 
Not enough data for ASR for hydrogen gas producing. Skipping ASR. 
Propagating lactate producing of type binary. 
Not enough data for ASR for lactate producing. Skipping ASR. 
Propagating length of type range. 
   user  system elapsed 
  2.739   0.000   2.739 
Propagating motility of type binary. 
   user  system elapsed 
360.512   0.017 360.564 
Propagating mutation rate per site per generation of type range. 
Not enough data for ASR for mutation rate per site per generation. Skipping ASR. 
Propagating mutation rate per site per year of type range. 
Not enough data for ASR for mutation rate per site per year. Skipping ASR. 
Propagating optimal ph of type range. 
   user  system elapsed 
  2.780   0.001   2.781 
Propagating plant pathogenicity of type binary. 
   user  system elapsed 
363.596   0.022 363.649 
Propagating shape of type multistate-intersection. 
   user  system elapsed 
515.143   0.029 515.219 
Propagating sphingolipid producing of type binary. 
Not enough data for ASR for sphingolipid producing. Skipping ASR. 
Propagating spore formation of type binary. 
   user  system elapsed 
251.308   0.019 251.352 
Propagating spore shape of type multistate-intersection. 
   user  system elapsed 
301.388   0.075 301.488 
Propagating width of type range. 
   user  system elapsed 
  2.731   0.000   2.731 
Warning: There was 1 warning in `dplyr::mutate()`. ℹ In argument: `Rank = taxizedb::taxid2rank(.data$NCBI_ID, db = "ncbi")`. Caused by warning in `taxizedb::taxid2rank()`: ! No rank found for 6 of 269 taxon IDs. The followings are left unrankd: 342610, 85643, 338187, 62153, 395568, 52765 
Warning: There was 1 warning in `dplyr::mutate()`. ℹ In argument: `Rank = taxizedb::taxid2rank(.data$NCBI_ID, db = "ncbi")`. Caused by warning in `taxizedb::taxid2rank()`: ! No rank found for 6 of 971 taxon IDs. The followings are left unrankd: 866775, 1183401, 741091, 168810, 1050843, 262776 
Warning: There was 1 warning in `dplyr::mutate()`. ℹ In argument: `Rank = taxizedb::taxid2rank(.data$NCBI_ID, db = "ncbi")`. Caused by warning in `taxizedb::taxid2rank()`: ! No rank found for 8 of 215 taxon IDs. The followings are left unrankd: 665938, 665937, 195041, 469587, 469586, 469596, 469594, 97139 
Warning: There was 1 warning in `dplyr::mutate()`. ℹ In argument: `Rank = taxizedb::taxid2rank(.data$NCBI_ID, db = "ncbi")`. Caused by warning in `taxizedb::taxid2rank()`: ! No rank found for 2 of 92 taxon IDs. The followings are left unrankd: 1345697, 52765 
Warning: There was 1 warning in `dplyr::mutate()`. ℹ In argument: `Rank = taxizedb::taxid2rank(.data$NCBI_ID, db = "ncbi")`. Caused by warning in `taxizedb::taxid2rank()`: ! No rank found for 10 of 305 taxon IDs. The followings are left unrankd: 665938, 665937, 469587, 469586, 469596, 469595, 469594, 699245, 97139, 81424 
Warning: There was 1 warning in `dplyr::mutate()`. ℹ In argument: `Rank = taxizedb::taxid2rank(.data$NCBI_ID, db = "ncbi")`. Caused by warning in `taxizedb::taxid2rank()`: ! No rank found for 35 of 1280 taxon IDs. The followings are left unrankd: 327817, 82076, 332056, 332410, 86662, 62153, 992010, 140100, 684949, 1172, 931223, 62928, 693851, 1267535, 1345697, 2274, 395568, 158080, 420233, 1206751, 477693, 68202, 690871, 68570, 228748, 495036, 52765, 52766, 196180, 85643, 409316, 93930, 114529, 65497, 675810 
Warning: There was 1 warning in `dplyr::mutate()`. ℹ In argument: `Rank = taxizedb::taxid2rank(.data$NCBI_ID, db = "ncbi")`. Caused by warning in `taxizedb::taxid2rank()`: ! No rank found for 2 of 25 taxon IDs. The followings are left unrankd: 52765, 52766 
Warning: There was 1 warning in `dplyr::mutate()`. ℹ In argument: `Rank = taxizedb::taxid2rank(.data$NCBI_ID, db = "ncbi")`. Caused by warning in `taxizedb::taxid2rank()`: ! No rank found for 5 of 115 taxon IDs. The followings are left unrankd: 665938, 195041, 469587, 469586, 469594 
Warning: There was 1 warning in `dplyr::mutate()`. ℹ In argument: `Rank = taxizedb::taxid2rank(.data$NCBI_ID, db = "ncbi")`. Caused by warning in `taxizedb::taxid2rank()`: ! No rank found for 4 of 84 taxon IDs. The followings are left unrankd: 469587, 469586, 97139, 81424 
Warning: There was 1 warning in `dplyr::mutate()`. ℹ In argument: `Rank = taxizedb::taxid2rank(.data$NCBI_ID, db = "ncbi")`. Caused by warning in `taxizedb::taxid2rank()`: ! No rank found for 2 of 91 taxon IDs. The followings are left unrankd: 992010, 395568 
Warning: There was 1 warning in `dplyr::mutate()`. ℹ In argument: `Rank = taxizedb::taxid2rank(.data$NCBI_ID, db = "ncbi")`. Caused by warning in `taxizedb::taxid2rank()`: ! No rank found for 1 of 47 taxon IDs. The followings are left unrankd: 195041 
Warning: There was 1 warning in `dplyr::mutate()`. ℹ In argument: `Rank = taxizedb::taxid2rank(.data$NCBI_ID, db = "ncbi")`. Caused by warning in `taxizedb::taxid2rank()`: ! No rank found for 5 of 88 taxon IDs. The followings are left unrankd: 861208, 697871, 546899, 1166016, 335659 
Warning: There was 1 warning in `dplyr::mutate()`. ℹ In argument: `Rank = taxizedb::taxid2rank(.data$NCBI_ID, db = "ncbi")`. Caused by warning in `taxizedb::taxid2rank()`: ! No rank found for 2 of 46 taxon IDs. The followings are left unrankd: 147710, 546899 
Warning: There was 1 warning in `dplyr::mutate()`. ℹ In argument: `Rank = taxizedb::taxid2rank(.data$NCBI_ID, db = "ncbi")`. Caused by warning in `taxizedb::taxid2rank()`: ! No rank found for 1 of 5 taxon IDs. The followings are left unrankd: 546899 
Warning: There was 1 warning in `dplyr::mutate()`. ℹ In argument: `Rank = taxizedb::taxid2rank(.data$NCBI_ID, db = "ncbi")`. Caused by warning in `taxizedb::taxid2rank()`: ! No rank found for 4 of 60 taxon IDs. The followings are left unrankd: 147710, 861208, 546899, 335659 
Warning: There was 1 warning in `dplyr::mutate()`. ℹ In argument: `Rank = taxizedb::taxid2rank(.data$NCBI_ID, db = "ncbi")`. Caused by warning in `taxizedb::taxid2rank()`: ! No rank found for 2 of 57 taxon IDs. The followings are left unrankd: 68202, 68570 
Warning: There was 1 warning in `dplyr::mutate()`. ℹ In argument: `Rank = taxizedb::taxid2rank(.data$NCBI_ID, db = "ncbi")`. Caused by warning in `taxizedb::taxid2rank()`: ! No rank found for 1 of 86 taxon IDs. The followings are left unrankd: 644968 
Warning: There was 1 warning in `dplyr::mutate()`. ℹ In argument: `Rank = taxizedb::taxid2rank(.data$NCBI_ID, db = "ncbi")`. Caused by warning in `taxizedb::taxid2rank()`: ! No rank found for 1 of 61 taxon IDs. The followings are left unrankd: 86662 
Warning: There was 1 warning in `dplyr::mutate()`. ℹ In argument: `Rank = taxizedb::taxid2rank(.data$NCBI_ID, db = "ncbi")`. Caused by warning in `taxizedb::taxid2rank()`: ! No rank found for 1 of 144 taxon IDs. The followings are left unrankd: 263820 
Warning: Invalid attributes in habitat: Waste and sludge water 
Warning: Invalid attributes in disease association: arthritis 
Warning: Invalid attributes in disease association: caries 
Warning: Invalid attributes in disease association: Endocarditis 
Warning: Invalid attributes in disease association: Fever 
Warning: There was 1 warning in `dplyr::mutate()`. ℹ In argument: `Rank = taxizedb::taxid2rank(.data$NCBI_ID, db = "ncbi")`. Caused by warning in `taxizedb::taxid2rank()`: ! No rank found for 1 of 132 taxon IDs. The followings are left unrankd: 342610 
Warning: Invalid attributes in disease association: Infection 
Warning: Invalid attributes in disease association: Infection caused by Escherichia coli (disorder) 
Warning: Invalid attributes in disease association: Meningitis 
Warning: Invalid attributes in disease association: meningitis septicemia 
Warning: Invalid attributes in disease association: periodontal disorder 
Warning: Invalid attributes in disease association: Periodontal Disorder 
Warning: Invalid attributes in disease association: septicemia arthritis 
Warning: Invalid attributes in disease association: Tetnus 
Warning: Invalid attributes in disease association: tumors 
Warning: Invalid attributes in disease association: urlnary tract infection 
Warning: Invalid attributes in antimicrobial resistance: resistance to acinetobacter 
Warning: Invalid attributes in antimicrobial resistance: resistance to beta-lactam 
Warning: Invalid attributes in antimicrobial resistance: resistance to carbapenems 
Warning: Invalid attributes in antimicrobial resistance: resistance to erythromycin a 
Warning: Invalid attributes in antimicrobial resistance: resistance to kanamycin a 
Warning: appending column names to file 
Warning: appending column names to file 
Warning: appending column names to file 
Writing GMT files... 
rank: genus; tax_id_type: Taxon_name; physiology: aerophilicity 
rank: genus; tax_id_type: Taxon_name; physiology: animal pathogen 
Warning: Not enough data for creating signatures. Try different filtering options 
rank: genus; tax_id_type: Taxon_name; physiology: antimicrobial sensitivity 
rank: genus; tax_id_type: Taxon_name; physiology: arrangement 
rank: genus; tax_id_type: Taxon_name; physiology: biofilm formation 
rank: genus; tax_id_type: Taxon_name; physiology: biosafety level 
Warning: Not enough data for creating signatures. Try different filtering options 
rank: genus; tax_id_type: Taxon_name; physiology: butyrate producing 
rank: genus; tax_id_type: Taxon_name; physiology: coding genes 
Warning: Not enough data for creating signatures. Try different filtering options 
rank: genus; tax_id_type: Taxon_name; physiology: COGEM pathogenicity rating 
rank: genus; tax_id_type: Taxon_name; physiology: extreme environment 
rank: genus; tax_id_type: Taxon_name; physiology: genome size 
rank: genus; tax_id_type: Taxon_name; physiology: gram stain 
rank: genus; tax_id_type: Taxon_name; physiology: growth temperature 
rank: genus; tax_id_type: Taxon_name; physiology: health associated 
Warning: Not enough data for creating signatures. Try different filtering options 
rank: genus; tax_id_type: Taxon_name; physiology: hemolysis 
Warning: Not enough data for creating signatures. Try different filtering options 
rank: genus; tax_id_type: Taxon_name; physiology: host-associated 
rank: genus; tax_id_type: Taxon_name; physiology: hydrogen gas producing 
Warning: Not enough data for creating signatures. Try different filtering options 
rank: genus; tax_id_type: Taxon_name; physiology: lactate producing 
rank: genus; tax_id_type: Taxon_name; physiology: length 
Warning: Not enough data for creating signatures. Try different filtering options 
rank: genus; tax_id_type: Taxon_name; physiology: motility 
Warning: Not enough data for creating signatures. Try different filtering options 
rank: genus; tax_id_type: Taxon_name; physiology: mutation rate per site per generation 
rank: genus; tax_id_type: Taxon_name; physiology: mutation rate per site per year 
rank: genus; tax_id_type: Taxon_name; physiology: optimal ph 
rank: genus; tax_id_type: Taxon_name; physiology: plant pathogenicity 
rank: genus; tax_id_type: Taxon_name; physiology: shape 
rank: genus; tax_id_type: Taxon_name; physiology: sphingolipid producing 
rank: genus; tax_id_type: Taxon_name; physiology: spore formation 
rank: genus; tax_id_type: Taxon_name; physiology: spore shape 
rank: genus; tax_id_type: Taxon_name; physiology: width 
Warning: Not enough data for creating signatures. Try different filtering options 
rank: genus; tax_id_type: Taxon_name; physiology: habitat 
Warning: Not enough data for creating signatures. Try different filtering options 
rank: genus; tax_id_type: Taxon_name; physiology: disease association 
rank: genus; tax_id_type: Taxon_name; physiology: antimicrobial resistance 
rank: genus; tax_id_type: NCBI_ID; physiology: aerophilicity 
rank: genus; tax_id_type: NCBI_ID; physiology: animal pathogen 
Warning: Not enough data for creating signatures. Try different filtering options 
rank: genus; tax_id_type: NCBI_ID; physiology: antimicrobial sensitivity 
rank: genus; tax_id_type: NCBI_ID; physiology: arrangement 
rank: genus; tax_id_type: NCBI_ID; physiology: biofilm formation 
rank: genus; tax_id_type: NCBI_ID; physiology: biosafety level 
Warning: Not enough data for creating signatures. Try different filtering options 
rank: genus; tax_id_type: NCBI_ID; physiology: butyrate producing 
rank: genus; tax_id_type: NCBI_ID; physiology: coding genes 
Warning: Not enough data for creating signatures. Try different filtering options 
rank: genus; tax_id_type: NCBI_ID; physiology: COGEM pathogenicity rating 
rank: genus; tax_id_type: NCBI_ID; physiology: extreme environment 
rank: genus; tax_id_type: NCBI_ID; physiology: genome size 
rank: genus; tax_id_type: NCBI_ID; physiology: gram stain 
rank: genus; tax_id_type: NCBI_ID; physiology: growth temperature 
rank: genus; tax_id_type: NCBI_ID; physiology: health associated 
Warning: Not enough data for creating signatures. Try different filtering options 
rank: genus; tax_id_type: NCBI_ID; physiology: hemolysis 
Warning: Not enough data for creating signatures. Try different filtering options 
rank: genus; tax_id_type: NCBI_ID; physiology: host-associated 
rank: genus; tax_id_type: NCBI_ID; physiology: hydrogen gas producing 
Warning: Not enough data for creating signatures. Try different filtering options 
rank: genus; tax_id_type: NCBI_ID; physiology: lactate producing 
rank: genus; tax_id_type: NCBI_ID; physiology: length 
Warning: Not enough data for creating signatures. Try different filtering options 
rank: genus; tax_id_type: NCBI_ID; physiology: motility 
Warning: Not enough data for creating signatures. Try different filtering options 
rank: genus; tax_id_type: NCBI_ID; physiology: mutation rate per site per generation 
rank: genus; tax_id_type: NCBI_ID; physiology: mutation rate per site per year 
rank: genus; tax_id_type: NCBI_ID; physiology: optimal ph 
rank: genus; tax_id_type: NCBI_ID; physiology: plant pathogenicity 
rank: genus; tax_id_type: NCBI_ID; physiology: shape 
rank: genus; tax_id_type: NCBI_ID; physiology: sphingolipid producing 
rank: genus; tax_id_type: NCBI_ID; physiology: spore formation 
rank: genus; tax_id_type: NCBI_ID; physiology: spore shape 
rank: genus; tax_id_type: NCBI_ID; physiology: width 
Warning: Not enough data for creating signatures. Try different filtering options 
rank: genus; tax_id_type: NCBI_ID; physiology: habitat 
Warning: Not enough data for creating signatures. Try different filtering options 
rank: genus; tax_id_type: NCBI_ID; physiology: disease association 
rank: genus; tax_id_type: NCBI_ID; physiology: antimicrobial resistance 
rank: strain; tax_id_type: Taxon_name; physiology: aerophilicity 
rank: strain; tax_id_type: Taxon_name; physiology: animal pathogen 
rank: strain; tax_id_type: Taxon_name; physiology: antimicrobial sensitivity 
rank: strain; tax_id_type: Taxon_name; physiology: arrangement 
rank: strain; tax_id_type: Taxon_name; physiology: biofilm formation 
rank: strain; tax_id_type: Taxon_name; physiology: biosafety level 
rank: strain; tax_id_type: Taxon_name; physiology: butyrate producing 
rank: strain; tax_id_type: Taxon_name; physiology: coding genes 
rank: strain; tax_id_type: Taxon_name; physiology: COGEM pathogenicity rating 
rank: strain; tax_id_type: Taxon_name; physiology: extreme environment 
rank: strain; tax_id_type: Taxon_name; physiology: genome size 
rank: strain; tax_id_type: Taxon_name; physiology: gram stain 
rank: strain; tax_id_type: Taxon_name; physiology: growth temperature 
rank: strain; tax_id_type: Taxon_name; physiology: health associated 
Warning: Not enough data for creating signatures. Try different filtering options 
rank: strain; tax_id_type: Taxon_name; physiology: hemolysis 
Warning: Not enough data for creating signatures. Try different filtering options 
rank: strain; tax_id_type: Taxon_name; physiology: host-associated 
rank: strain; tax_id_type: Taxon_name; physiology: hydrogen gas producing 
Warning: Not enough data for creating signatures. Try different filtering options 
rank: strain; tax_id_type: Taxon_name; physiology: lactate producing 
rank: strain; tax_id_type: Taxon_name; physiology: length 
Warning: Not enough data for creating signatures. Try different filtering options 
rank: strain; tax_id_type: Taxon_name; physiology: motility 
Warning: Not enough data for creating signatures. Try different filtering options 
rank: strain; tax_id_type: Taxon_name; physiology: mutation rate per site per generation 
rank: strain; tax_id_type: Taxon_name; physiology: mutation rate per site per year 
rank: strain; tax_id_type: Taxon_name; physiology: optimal ph 
Warning: Not enough data for creating signatures. Try different filtering options 
rank: strain; tax_id_type: Taxon_name; physiology: plant pathogenicity 
rank: strain; tax_id_type: Taxon_name; physiology: shape 
rank: strain; tax_id_type: Taxon_name; physiology: sphingolipid producing 
rank: strain; tax_id_type: Taxon_name; physiology: spore formation 
rank: strain; tax_id_type: Taxon_name; physiology: spore shape 
rank: strain; tax_id_type: Taxon_name; physiology: width 
Warning: Not enough data for creating signatures. Try different filtering options 
rank: strain; tax_id_type: Taxon_name; physiology: habitat 
Warning: Not enough data for creating signatures. Try different filtering options 
rank: strain; tax_id_type: Taxon_name; physiology: disease association 
rank: strain; tax_id_type: Taxon_name; physiology: antimicrobial resistance 
rank: strain; tax_id_type: NCBI_ID; physiology: aerophilicity 
rank: strain; tax_id_type: NCBI_ID; physiology: animal pathogen 
rank: strain; tax_id_type: NCBI_ID; physiology: antimicrobial sensitivity 
rank: strain; tax_id_type: NCBI_ID; physiology: arrangement 
rank: strain; tax_id_type: NCBI_ID; physiology: biofilm formation 
rank: strain; tax_id_type: NCBI_ID; physiology: biosafety level 
rank: strain; tax_id_type: NCBI_ID; physiology: butyrate producing 
rank: strain; tax_id_type: NCBI_ID; physiology: coding genes 
rank: strain; tax_id_type: NCBI_ID; physiology: COGEM pathogenicity rating 
rank: strain; tax_id_type: NCBI_ID; physiology: extreme environment 
rank: strain; tax_id_type: NCBI_ID; physiology: genome size 
rank: strain; tax_id_type: NCBI_ID; physiology: gram stain 
rank: strain; tax_id_type: NCBI_ID; physiology: growth temperature 
rank: strain; tax_id_type: NCBI_ID; physiology: health associated 
Warning: Not enough data for creating signatures. Try different filtering options 
rank: strain; tax_id_type: NCBI_ID; physiology: hemolysis 
Warning: Not enough data for creating signatures. Try different filtering options 
rank: strain; tax_id_type: NCBI_ID; physiology: host-associated 
rank: strain; tax_id_type: NCBI_ID; physiology: hydrogen gas producing 
Warning: Not enough data for creating signatures. Try different filtering options 
rank: strain; tax_id_type: NCBI_ID; physiology: lactate producing 
rank: strain; tax_id_type: NCBI_ID; physiology: length 
Warning: Not enough data for creating signatures. Try different filtering options 
rank: strain; tax_id_type: NCBI_ID; physiology: motility 
Warning: Not enough data for creating signatures. Try different filtering options 
rank: strain; tax_id_type: NCBI_ID; physiology: mutation rate per site per generation 
rank: strain; tax_id_type: NCBI_ID; physiology: mutation rate per site per year 
rank: strain; tax_id_type: NCBI_ID; physiology: optimal ph 
Warning: Not enough data for creating signatures. Try different filtering options 
rank: strain; tax_id_type: NCBI_ID; physiology: plant pathogenicity 
rank: strain; tax_id_type: NCBI_ID; physiology: shape 
rank: strain; tax_id_type: NCBI_ID; physiology: sphingolipid producing 
rank: strain; tax_id_type: NCBI_ID; physiology: spore formation 
rank: strain; tax_id_type: NCBI_ID; physiology: spore shape 
rank: strain; tax_id_type: NCBI_ID; physiology: width 
Warning: Not enough data for creating signatures. Try different filtering options 
rank: strain; tax_id_type: NCBI_ID; physiology: habitat 
Warning: Not enough data for creating signatures. Try different filtering options 
rank: strain; tax_id_type: NCBI_ID; physiology: disease association 
rank: strain; tax_id_type: NCBI_ID; physiology: antimicrobial resistance 
rank: species; tax_id_type: Taxon_name; physiology: aerophilicity 
rank: species; tax_id_type: Taxon_name; physiology: animal pathogen 
Warning: Not enough data for creating signatures. Try different filtering options 
rank: species; tax_id_type: Taxon_name; physiology: antimicrobial sensitivity 
rank: species; tax_id_type: Taxon_name; physiology: arrangement 
rank: species; tax_id_type: Taxon_name; physiology: biofilm formation 
rank: species; tax_id_type: Taxon_name; physiology: biosafety level 
Warning: Not enough data for creating signatures. Try different filtering options 
rank: species; tax_id_type: Taxon_name; physiology: butyrate producing 
rank: species; tax_id_type: Taxon_name; physiology: coding genes 
rank: species; tax_id_type: Taxon_name; physiology: COGEM pathogenicity rating 
rank: species; tax_id_type: Taxon_name; physiology: extreme environment 
rank: species; tax_id_type: Taxon_name; physiology: genome size 
rank: species; tax_id_type: Taxon_name; physiology: gram stain 
rank: species; tax_id_type: Taxon_name; physiology: growth temperature 
rank: species; tax_id_type: Taxon_name; physiology: health associated 
rank: species; tax_id_type: Taxon_name; physiology: hemolysis 
rank: species; tax_id_type: Taxon_name; physiology: host-associated 
rank: species; tax_id_type: Taxon_name; physiology: hydrogen gas producing 
rank: species; tax_id_type: Taxon_name; physiology: lactate producing 
rank: species; tax_id_type: Taxon_name; physiology: length 
rank: species; tax_id_type: Taxon_name; physiology: motility 
rank: species; tax_id_type: Taxon_name; physiology: mutation rate per site per generation 
rank: species; tax_id_type: Taxon_name; physiology: mutation rate per site per year 
rank: species; tax_id_type: Taxon_name; physiology: optimal ph 
Warning: Not enough data for creating signatures. Try different filtering options 
rank: species; tax_id_type: Taxon_name; physiology: plant pathogenicity 
rank: species; tax_id_type: Taxon_name; physiology: shape 
rank: species; tax_id_type: Taxon_name; physiology: sphingolipid producing 
rank: species; tax_id_type: Taxon_name; physiology: spore formation 
rank: species; tax_id_type: Taxon_name; physiology: spore shape 
rank: species; tax_id_type: Taxon_name; physiology: width 
rank: species; tax_id_type: Taxon_name; physiology: habitat 
rank: species; tax_id_type: Taxon_name; physiology: disease association 
rank: species; tax_id_type: Taxon_name; physiology: antimicrobial resistance 
rank: species; tax_id_type: NCBI_ID; physiology: aerophilicity 
rank: species; tax_id_type: NCBI_ID; physiology: animal pathogen 
Warning: Not enough data for creating signatures. Try different filtering options 
rank: species; tax_id_type: NCBI_ID; physiology: antimicrobial sensitivity 
rank: species; tax_id_type: NCBI_ID; physiology: arrangement 
rank: species; tax_id_type: NCBI_ID; physiology: biofilm formation 
rank: species; tax_id_type: NCBI_ID; physiology: biosafety level 
Warning: Not enough data for creating signatures. Try different filtering options 
rank: species; tax_id_type: NCBI_ID; physiology: butyrate producing 
rank: species; tax_id_type: NCBI_ID; physiology: coding genes 
rank: species; tax_id_type: NCBI_ID; physiology: COGEM pathogenicity rating 
rank: species; tax_id_type: NCBI_ID; physiology: extreme environment 
rank: species; tax_id_type: NCBI_ID; physiology: genome size 
rank: species; tax_id_type: NCBI_ID; physiology: gram stain 
rank: species; tax_id_type: NCBI_ID; physiology: growth temperature 
rank: species; tax_id_type: NCBI_ID; physiology: health associated 
rank: species; tax_id_type: NCBI_ID; physiology: hemolysis 
rank: species; tax_id_type: NCBI_ID; physiology: host-associated 
rank: species; tax_id_type: NCBI_ID; physiology: hydrogen gas producing 
rank: species; tax_id_type: NCBI_ID; physiology: lactate producing 
rank: species; tax_id_type: NCBI_ID; physiology: length 
rank: species; tax_id_type: NCBI_ID; physiology: motility 
rank: species; tax_id_type: NCBI_ID; physiology: mutation rate per site per generation 
rank: species; tax_id_type: NCBI_ID; physiology: mutation rate per site per year 
rank: species; tax_id_type: NCBI_ID; physiology: optimal ph 
Warning: Not enough data for creating signatures. Try different filtering options 
rank: species; tax_id_type: NCBI_ID; physiology: plant pathogenicity 
rank: species; tax_id_type: NCBI_ID; physiology: shape 
rank: species; tax_id_type: NCBI_ID; physiology: sphingolipid producing 
rank: species; tax_id_type: NCBI_ID; physiology: spore formation 
rank: species; tax_id_type: NCBI_ID; physiology: spore shape 
rank: species; tax_id_type: NCBI_ID; physiology: width 
rank: species; tax_id_type: NCBI_ID; physiology: habitat 
rank: species; tax_id_type: NCBI_ID; physiology: disease association 
rank: species; tax_id_type: NCBI_ID; physiology: antimicrobial resistance 
rank: mixed; tax_id_type: Taxon_name; physiology: aerophilicity 
rank: mixed; tax_id_type: Taxon_name; physiology: animal pathogen 
rank: mixed; tax_id_type: Taxon_name; physiology: antimicrobial sensitivity 
rank: mixed; tax_id_type: Taxon_name; physiology: arrangement 
rank: mixed; tax_id_type: Taxon_name; physiology: biofilm formation 
rank: mixed; tax_id_type: Taxon_name; physiology: biosafety level 
rank: mixed; tax_id_type: Taxon_name; physiology: butyrate producing 
rank: mixed; tax_id_type: Taxon_name; physiology: coding genes 
rank: mixed; tax_id_type: Taxon_name; physiology: COGEM pathogenicity rating 
rank: mixed; tax_id_type: Taxon_name; physiology: extreme environment 
rank: mixed; tax_id_type: Taxon_name; physiology: genome size 
rank: mixed; tax_id_type: Taxon_name; physiology: gram stain 
rank: mixed; tax_id_type: Taxon_name; physiology: growth temperature 
rank: mixed; tax_id_type: Taxon_name; physiology: health associated 
rank: mixed; tax_id_type: Taxon_name; physiology: hemolysis 
rank: mixed; tax_id_type: Taxon_name; physiology: host-associated 
rank: mixed; tax_id_type: Taxon_name; physiology: hydrogen gas producing 
rank: mixed; tax_id_type: Taxon_name; physiology: lactate producing 
rank: mixed; tax_id_type: Taxon_name; physiology: length 
rank: mixed; tax_id_type: Taxon_name; physiology: motility 
rank: mixed; tax_id_type: Taxon_name; physiology: mutation rate per site per generation 
rank: mixed; tax_id_type: Taxon_name; physiology: mutation rate per site per year 
rank: mixed; tax_id_type: Taxon_name; physiology: optimal ph 
rank: mixed; tax_id_type: Taxon_name; physiology: plant pathogenicity 
rank: mixed; tax_id_type: Taxon_name; physiology: shape 
rank: mixed; tax_id_type: Taxon_name; physiology: sphingolipid producing 
rank: mixed; tax_id_type: Taxon_name; physiology: spore formation 
rank: mixed; tax_id_type: Taxon_name; physiology: spore shape 
rank: mixed; tax_id_type: Taxon_name; physiology: width 
rank: mixed; tax_id_type: Taxon_name; physiology: habitat 
rank: mixed; tax_id_type: Taxon_name; physiology: disease association 
rank: mixed; tax_id_type: Taxon_name; physiology: antimicrobial resistance 
rank: mixed; tax_id_type: NCBI_ID; physiology: aerophilicity 
rank: mixed; tax_id_type: NCBI_ID; physiology: animal pathogen 
rank: mixed; tax_id_type: NCBI_ID; physiology: antimicrobial sensitivity 
rank: mixed; tax_id_type: NCBI_ID; physiology: arrangement 
rank: mixed; tax_id_type: NCBI_ID; physiology: biofilm formation 
rank: mixed; tax_id_type: NCBI_ID; physiology: biosafety level 
rank: mixed; tax_id_type: NCBI_ID; physiology: butyrate producing 
rank: mixed; tax_id_type: NCBI_ID; physiology: coding genes 
rank: mixed; tax_id_type: NCBI_ID; physiology: COGEM pathogenicity rating 
rank: mixed; tax_id_type: NCBI_ID; physiology: extreme environment 
rank: mixed; tax_id_type: NCBI_ID; physiology: genome size 
rank: mixed; tax_id_type: NCBI_ID; physiology: gram stain 
rank: mixed; tax_id_type: NCBI_ID; physiology: growth temperature 
rank: mixed; tax_id_type: NCBI_ID; physiology: health associated 
rank: mixed; tax_id_type: NCBI_ID; physiology: hemolysis 
rank: mixed; tax_id_type: NCBI_ID; physiology: host-associated 
rank: mixed; tax_id_type: NCBI_ID; physiology: hydrogen gas producing 
rank: mixed; tax_id_type: NCBI_ID; physiology: lactate producing 
rank: mixed; tax_id_type: NCBI_ID; physiology: length 
rank: mixed; tax_id_type: NCBI_ID; physiology: motility 
rank: mixed; tax_id_type: NCBI_ID; physiology: mutation rate per site per generation 
rank: mixed; tax_id_type: NCBI_ID; physiology: mutation rate per site per year 
rank: mixed; tax_id_type: NCBI_ID; physiology: optimal ph 
rank: mixed; tax_id_type: NCBI_ID; physiology: plant pathogenicity 
rank: mixed; tax_id_type: NCBI_ID; physiology: shape 
rank: mixed; tax_id_type: NCBI_ID; physiology: sphingolipid producing 
rank: mixed; tax_id_type: NCBI_ID; physiology: spore formation 
rank: mixed; tax_id_type: NCBI_ID; physiology: spore shape 
rank: mixed; tax_id_type: NCBI_ID; physiology: width 
rank: mixed; tax_id_type: NCBI_ID; physiology: habitat 
rank: mixed; tax_id_type: NCBI_ID; physiology: disease association 
rank: mixed; tax_id_type: NCBI_ID; physiology: antimicrobial resistance 
─ Session info ───────────────────────────────────────────────────────────────
 setting  value
 version  R version 4.5.1 (2025-06-13)
 os       Ubuntu 24.04.2 LTS
 system   x86_64, linux-gnu
 ui       X11
 language (EN)
 collate  en_US.UTF-8
 ctype    en_US.UTF-8
 tz       Etc/UTC
 date     2025-08-31
 pandoc   3.7.0.2 @ /usr/bin/pandoc
 quarto   1.6.42 @ /usr/local/bin/quarto

─ Packages ───────────────────────────────────────────────────────────────────
 package           * version    date (UTC) lib source
 ape               * 5.8-1      2024-12-16 [1] RSPM (R 4.5.0)
 BiocGenerics        0.55.1     2025-07-28 [1] Bioconductor 3.22 (R 4.5.1)
 bit                 4.6.0      2025-03-06 [1] RSPM (R 4.5.0)
 bit64               4.6.0-1    2025-01-16 [1] RSPM (R 4.5.0)
 blob                1.2.4      2023-03-17 [1] RSPM (R 4.5.0)
 bugphyzz          * 1.3.0      2025-08-31 [1] Github (waldronlab/bugphyzz@a400666)
 bugsigdbr           1.15.3     2025-05-29 [1] Bioconductor 3.22 (R 4.5.1)
 cachem              1.1.0      2024-05-16 [1] RSPM (R 4.5.0)
 castor            * 1.8.4      2025-08-24 [1] RSPM (R 4.5.0)
 cli                 3.6.5      2025-04-23 [1] RSPM (R 4.5.0)
 clusterGeneration   1.3.8      2023-08-16 [1] RSPM (R 4.5.0)
 coda                0.19-4.1   2024-01-31 [1] RSPM (R 4.5.0)
 codetools           0.2-20     2024-03-31 [2] CRAN (R 4.5.1)
 combinat            0.0-8      2012-10-29 [1] RSPM (R 4.5.0)
 common            * 1.1.3      2024-04-05 [1] RSPM (R 4.5.0)
 crayon              1.5.3      2024-06-20 [1] RSPM (R 4.5.0)
 curl                7.0.0      2025-08-19 [1] RSPM (R 4.5.0)
 DBI                 1.2.3      2024-06-02 [1] RSPM (R 4.5.0)
 dbplyr              2.5.0      2024-03-19 [1] RSPM (R 4.5.0)
 DEoptim             2.2-8      2022-11-11 [1] RSPM (R 4.5.0)
 digest              0.6.37     2024-08-19 [1] RSPM (R 4.5.0)
 doParallel          1.0.17     2022-02-07 [1] RSPM (R 4.5.0)
 dplyr             * 1.1.4      2023-11-17 [1] RSPM (R 4.5.0)
 expm                1.0-0      2024-08-19 [1] RSPM (R 4.5.0)
 fastmap             1.2.0      2024-05-15 [1] RSPM (R 4.5.0)
 fastmatch           1.1-6      2024-12-23 [1] RSPM (R 4.5.0)
 foreach             1.5.2      2022-02-02 [1] RSPM (R 4.5.0)
 generics            0.1.4      2025-05-09 [1] RSPM (R 4.5.0)
 glue                1.8.0      2024-09-30 [1] RSPM (R 4.5.0)
 hms                 1.1.3      2023-03-21 [1] RSPM (R 4.5.0)
 hoardr              0.5.5      2025-01-18 [1] RSPM (R 4.5.0)
 igraph              2.1.4      2025-01-23 [1] RSPM (R 4.5.0)
 iterators           1.0.14     2022-02-05 [1] RSPM (R 4.5.0)
 jsonlite            2.0.0      2025-03-27 [1] RSPM (R 4.5.0)
 lattice             0.22-7     2025-04-02 [2] CRAN (R 4.5.1)
 lifecycle           1.0.4      2023-11-07 [1] RSPM (R 4.5.0)
 logr              * 1.3.9      2025-03-26 [1] RSPM (R 4.5.0)
 magrittr            2.0.3      2022-03-30 [1] RSPM (R 4.5.0)
 maps              * 3.4.3      2025-05-26 [1] RSPM (R 4.5.0)
 MASS                7.3-65     2025-02-28 [2] CRAN (R 4.5.1)
 Matrix              1.7-4      2025-08-28 [1] RSPM (R 4.5.0)
 memoise             2.0.1      2021-11-26 [1] RSPM (R 4.5.0)
 mnormt              2.1.1      2022-09-26 [1] RSPM (R 4.5.0)
 naturalsort         0.1.3      2016-08-30 [1] RSPM (R 4.5.0)
 nlme                3.1-168    2025-03-31 [2] CRAN (R 4.5.1)
 numDeriv            2016.8-1.1 2019-06-06 [1] RSPM (R 4.5.0)
 optimParallel       1.0-2      2021-02-11 [1] RSPM (R 4.5.0)
 phangorn            2.12.1     2024-09-17 [1] RSPM (R 4.5.0)
 phytools          * 2.4-4      2025-01-08 [1] RSPM (R 4.5.0)
 pillar              1.11.0     2025-07-04 [1] RSPM (R 4.5.0)
 pkgconfig           2.0.3      2019-09-22 [1] RSPM (R 4.5.0)
 purrr             * 1.1.0      2025-07-10 [1] RSPM (R 4.5.0)
 quadprog            1.5-8      2019-11-20 [1] RSPM (R 4.5.0)
 R6                  2.6.1      2025-02-15 [1] RSPM (R 4.5.0)
 rappdirs            0.3.3      2021-01-31 [1] RSPM (R 4.5.0)
 Rcpp              * 1.1.0      2025-07-02 [1] RSPM (R 4.5.0)
 readr               2.1.5      2024-01-10 [1] RSPM (R 4.5.0)
 rlang             * 1.1.6      2025-04-11 [1] RSPM (R 4.5.0)
 RSpectra            0.16-2     2024-07-18 [1] RSPM (R 4.5.0)
 RSQLite             2.4.3      2025-08-20 [1] RSPM (R 4.5.0)
 rstudioapi          0.17.1     2024-10-22 [1] RSPM (R 4.5.0)
 S4Vectors           0.47.0     2025-04-15 [1] Bioconductor 3.22 (R 4.5.0)
 scatterplot3d       0.3-44     2023-05-05 [1] RSPM (R 4.5.0)
 sessioninfo         1.2.3      2025-02-05 [1] RSPM (R 4.5.0)
 stringi             1.8.7      2025-03-27 [1] RSPM (R 4.5.0)
 stringr             1.5.1      2023-11-14 [1] RSPM (R 4.5.0)
 taxizedb            0.3.2      2025-06-18 [1] RSPM (R 4.5.0)
 taxPPro           * 1.0.1      2025-08-31 [1] Github (waldronlab/taxPPro@c6d1fa5)
 tibble            * 3.3.0      2025-06-08 [1] RSPM (R 4.5.0)
 tidyr             * 1.3.1      2024-01-24 [1] RSPM (R 4.5.0)
 tidyselect          1.2.1      2024-03-11 [1] RSPM (R 4.5.0)
 tzdb                0.5.0      2025-03-15 [1] RSPM (R 4.5.0)
 vctrs               0.6.5      2023-12-01 [1] RSPM (R 4.5.0)
 vroom               1.6.5      2023-12-05 [1] RSPM (R 4.5.0)
 withr               3.0.2      2024-10-28 [1] RSPM (R 4.5.0)

 [1] /usr/local/lib/R/site-library
 [2] /usr/local/lib/R/library
 * ── Packages attached to the search path.

──────────────────────────────────────────────────────────────────────────────

========================================================================= 
Log End Time: 2025-08-31 23:44:41.548627 
Log Elapsed Time: 0 01:31:41 
========================================================================= 
